../Drivers/CMSIS/Include/core_cm4.h:1939:34:__NVIC_SystemReset	4	static,ignoring_inline_asm
../Core/Src/main.c:69:6:delay	16	static
../Core/Src/main.c:83:6:Set_Pin_Output	40	static
../Core/Src/main.c:92:6:Set_Pin_Input	40	static
../Core/Src/main.c:101:6:DHT22_Start	16	static
../Core/Src/main.c:113:9:DHT22_Check_Response	24	static
../Core/Src/main.c:130:9:DHT22_Read	24	static
../Core/Src/main.c:151:6:DHT11_Start	16	static
../Core/Src/main.c:161:9:DHT11_Check_Response	24	static
../Core/Src/main.c:176:9:DHT11_Read	24	static
../Core/Src/main.c:193:8:read_dust_sensor	48	static
../Core/Src/main.c:220:6:HAL_TIM_PeriodElapsedCallback	16	static
../Core/Src/main.c:237:5:main	232	static
../Core/Src/main.c:330:6:SystemClock_Config	88	static
../Core/Src/main.c:377:13:MX_ADC1_Init	24	static
../Core/Src/main.c:429:13:MX_TIM2_Init	32	static
../Core/Src/main.c:474:13:MX_TIM3_Init	32	static
../Core/Src/main.c:519:13:MX_USART1_UART_Init	8	static
../Core/Src/main.c:552:13:MX_USART2_UART_Init	8	static
../Core/Src/main.c:585:13:MX_GPIO_Init	48	static
../Core/Src/main.c:625:6:Error_Handler	4	static,ignoring_inline_asm
