../Drivers/CMSIS/Include/core_cm4.h:1939:34:__NVIC_SystemReset	4	static,ignoring_inline_asm
../Core/Src/main.c:71:6:delay	16	static
../Core/Src/main.c:85:6:Set_Pin_Output	40	static
../Core/Src/main.c:94:6:Set_Pin_Input	40	static
../Core/Src/main.c:103:6:DHT22_Start	16	static
../Core/Src/main.c:115:9:DHT22_Check_Response	24	static
../Core/Src/main.c:132:9:DHT22_Read	24	static
../Core/Src/main.c:154:6:read_sensor	64	static
../Core/Src/main.c:201:6:HAL_TIM_PeriodElapsedCallback	16	static
../Core/Src/main.c:218:5:main	256	static
../Core/Src/main.c:314:6:SystemClock_Config	88	static
../Core/Src/main.c:361:13:MX_ADC1_Init	24	static
../Core/Src/main.c:422:13:MX_TIM2_Init	32	static
../Core/Src/main.c:467:13:MX_TIM3_Init	32	static
../Core/Src/main.c:512:13:MX_USART1_UART_Init	8	static
../Core/Src/main.c:545:13:MX_USART2_UART_Init	8	static
../Core/Src/main.c:576:13:MX_DMA_Init	16	static
../Core/Src/main.c:594:13:MX_GPIO_Init	48	static
../Core/Src/main.c:634:6:Error_Handler	4	static,ignoring_inline_asm
